19:44:32 **** Build of configuration Debug for project buttonled ****
make -j4 all 
arm-none-eabi-gcc "../Src/RCC_Driver.c" -mcpu=cortex-m4 -std=gnu11 -g3 -DDEBUG -DSTM32 -DSTM32F4 -DSTM32F446RETx -DNUCLEO_F446RE -c -I../Inc -O0 -ffunction-sections -fdata-sections -Wall -fstack-usage -fcyclomatic-complexity -MMD -MP -MF"Src/RCC_Driver.d" -MT"Src/RCC_Driver.o" --specs=nano.specs -mfpu=fpv4-sp-d16 -mfloat-abi=hard -mthumb -o "Src/RCC_Driver.o"
arm-none-eabi-gcc "../Src/main.c" -mcpu=cortex-m4 -std=gnu11 -g3 -DDEBUG -DSTM32 -DSTM32F4 -DSTM32F446RETx -DNUCLEO_F446RE -c -I../Inc -O0 -ffunction-sections -fdata-sections -Wall -fstack-usage -fcyclomatic-complexity -MMD -MP -MF"Src/main.d" -MT"Src/main.o" --specs=nano.specs -mfpu=fpv4-sp-d16 -mfloat-abi=hard -mthumb -o "Src/main.o"
arm-none-eabi-gcc -o "buttonled.elf" @"objects.list"   -mcpu=cortex-m4 -T"I:\advanced embedded\stm32cbeworkspace\BUTTONLEDSTMF446RE\buttonled\STM32F446RETX_FLASH.ld" --specs=nosys.specs -Wl,-Map="buttonled.map" -Wl,--gc-sections -static --specs=nano.specs -mfpu=fpv4-sp-d16 -mfloat-abi=hard -mthumb -Wl,--start-group -lc -lm -Wl,--end-group
Finished building target: buttonled.elf
 
arm-none-eabi-size  buttonled.elf 
arm-none-eabi-objdump -h -S buttonled.elf  > "buttonled.list"
   text	   data	    bss	    dec	    hex	filename
   2480	     40	   1568	   4088	    ff8	buttonled.elf
Finished building: default.size.stdout
 
Finished building: buttonled.list
 
